
> deadmans-switch-frontend@0.1.0 build
> next build

  ▲ Next.js 14.2.33
  - Environments: .env

   Creating an optimized production build ...
Failed to compile.

./node_modules/.pnpm/@ai-sdk+gateway@2.0.19_zod@3.22.4/node_modules/@ai-sdk/gateway/dist/index.mjs:11:1
Module not found: Package path ./v4 is not exported from package /home/blu1606/deadman-switch/node_modules/.pnpm/@ai-sdk+gateway@2.0.19_zod@3.22.4/node_modules/zod (see exports field in /home/blu1606/deadman-switch/node_modules/.pnpm/@ai-sdk+gateway@2.0.19_zod@3.22.4/node_modules/zod/package.json)

https://nextjs.org/docs/messages/module-not-found

Import trace for requested module:
./node_modules/.pnpm/ai@5.0.110_zod@3.22.4/node_modules/ai/dist/index.mjs
./src/lib/ai/embedding.ts
./src/app/api/ai/generate-hint/route.ts
./node_modules/.pnpm/next@14.2.33_@babel+core@7.28.5_@opentelemetry+api@1.9.0_react-dom@18.3.1_react@18.3.1__react@18.3.1/node_modules/next/dist/build/webpack/loaders/next-edge-app-route-loader/index.js?absolutePagePath=private-next-app-dir%2Fapi%2Fai%2Fgenerate-hint%2Froute.ts&page=%2Fapi%2Fai%2Fgenerate-hint%2Froute&appDirLoader=bmV4dC1hcHAtbG9hZGVyP25hbWU9YXBwJTJGYXBpJTJGYWklMkZnZW5lcmF0ZS1oaW50JTJGcm91dGUmcGFnZT0lMkZhcGklMkZhaSUyRmdlbmVyYXRlLWhpbnQlMkZyb3V0ZSZwYWdlUGF0aD1wcml2YXRlLW5leHQtYXBwLWRpciUyRmFwaSUyRmFpJTJGZ2VuZXJhdGUtaGludCUyRnJvdXRlLnRzJmFwcERpcj0lMkZob21lJTJGYmx1MTYwNiUyRmRlYWRtYW4tc3dpdGNoJTJGc3JjJTJGYXBwJmFwcFBhdGhzPSUyRmFwaSUyRmFpJTJGZ2VuZXJhdGUtaGludCUyRnJvdXRlJnBhZ2VFeHRlbnNpb25zPXRzeCZwYWdlRXh0ZW5zaW9ucz10cyZwYWdlRXh0ZW5zaW9ucz1qc3gmcGFnZUV4dGVuc2lvbnM9anMmYmFzZVBhdGg9JmFzc2V0UHJlZml4PSZuZXh0Q29uZmlnT3V0cHV0PSZwcmVmZXJyZWRSZWdpb249Jm1pZGRsZXdhcmVDb25maWc9ZTMwJTNEIQ%3D%3D&nextConfigOutput=&preferredRegion=&middlewareConfig=e30%3D!

./node_modules/.pnpm/@ai-sdk+google@2.0.45_zod@3.22.4/node_modules/@ai-sdk/google/dist/index.mjs:25:1
Module not found: Package path ./v4 is not exported from package /home/blu1606/deadman-switch/node_modules/.pnpm/@ai-sdk+google@2.0.45_zod@3.22.4/node_modules/zod (see exports field in /home/blu1606/deadman-switch/node_modules/.pnpm/@ai-sdk+google@2.0.45_zod@3.22.4/node_modules/zod/package.json)

https://nextjs.org/docs/messages/module-not-found

Import trace for requested module:
./src/lib/ai/embedding.ts
./src/app/api/ai/generate-hint/route.ts
./node_modules/.pnpm/next@14.2.33_@babel+core@7.28.5_@opentelemetry+api@1.9.0_react-dom@18.3.1_react@18.3.1__react@18.3.1/node_modules/next/dist/build/webpack/loaders/next-edge-app-route-loader/index.js?absolutePagePath=private-next-app-dir%2Fapi%2Fai%2Fgenerate-hint%2Froute.ts&page=%2Fapi%2Fai%2Fgenerate-hint%2Froute&appDirLoader=bmV4dC1hcHAtbG9hZGVyP25hbWU9YXBwJTJGYXBpJTJGYWklMkZnZW5lcmF0ZS1oaW50JTJGcm91dGUmcGFnZT0lMkZhcGklMkZhaSUyRmdlbmVyYXRlLWhpbnQlMkZyb3V0ZSZwYWdlUGF0aD1wcml2YXRlLW5leHQtYXBwLWRpciUyRmFwaSUyRmFpJTJGZ2VuZXJhdGUtaGludCUyRnJvdXRlLnRzJmFwcERpcj0lMkZob21lJTJGYmx1MTYwNiUyRmRlYWRtYW4tc3dpdGNoJTJGc3JjJTJGYXBwJmFwcFBhdGhzPSUyRmFwaSUyRmFpJTJGZ2VuZXJhdGUtaGludCUyRnJvdXRlJnBhZ2VFeHRlbnNpb25zPXRzeCZwYWdlRXh0ZW5zaW9ucz10cyZwYWdlRXh0ZW5zaW9ucz1qc3gmcGFnZUV4dGVuc2lvbnM9anMmYmFzZVBhdGg9JmFzc2V0UHJlZml4PSZuZXh0Q29uZmlnT3V0cHV0PSZwcmVmZXJyZWRSZWdpb249Jm1pZGRsZXdhcmVDb25maWc9ZTMwJTNEIQ%3D%3D&nextConfigOutput=&preferredRegion=&middlewareConfig=e30%3D!

./node_modules/.pnpm/@ai-sdk+provider-utils@3.0.18_zod@3.22.4/node_modules/@ai-sdk/provider-utils/dist/index.mjs:1073:1
Module not found: Package path ./v4 is not exported from package /home/blu1606/deadman-switch/node_modules/.pnpm/@ai-sdk+provider-utils@3.0.18_zod@3.22.4/node_modules/zod (see exports field in /home/blu1606/deadman-switch/node_modules/.pnpm/@ai-sdk+provider-utils@3.0.18_zod@3.22.4/node_modules/zod/package.json)

https://nextjs.org/docs/messages/module-not-found

Import trace for requested module:
./node_modules/.pnpm/@ai-sdk+google@2.0.45_zod@3.22.4/node_modules/@ai-sdk/google/dist/index.mjs
./src/lib/ai/embedding.ts
./src/app/api/ai/generate-hint/route.ts
./node_modules/.pnpm/next@14.2.33_@babel+core@7.28.5_@opentelemetry+api@1.9.0_react-dom@18.3.1_react@18.3.1__react@18.3.1/node_modules/next/dist/build/webpack/loaders/next-edge-app-route-loader/index.js?absolutePagePath=private-next-app-dir%2Fapi%2Fai%2Fgenerate-hint%2Froute.ts&page=%2Fapi%2Fai%2Fgenerate-hint%2Froute&appDirLoader=bmV4dC1hcHAtbG9hZGVyP25hbWU9YXBwJTJGYXBpJTJGYWklMkZnZW5lcmF0ZS1oaW50JTJGcm91dGUmcGFnZT0lMkZhcGklMkZhaSUyRmdlbmVyYXRlLWhpbnQlMkZyb3V0ZSZwYWdlUGF0aD1wcml2YXRlLW5leHQtYXBwLWRpciUyRmFwaSUyRmFpJTJGZ2VuZXJhdGUtaGludCUyRnJvdXRlLnRzJmFwcERpcj0lMkZob21lJTJGYmx1MTYwNiUyRmRlYWRtYW4tc3dpdGNoJTJGc3JjJTJGYXBwJmFwcFBhdGhzPSUyRmFwaSUyRmFpJTJGZ2VuZXJhdGUtaGludCUyRnJvdXRlJnBhZ2VFeHRlbnNpb25zPXRzeCZwYWdlRXh0ZW5zaW9ucz10cyZwYWdlRXh0ZW5zaW9ucz1qc3gmcGFnZUV4dGVuc2lvbnM9anMmYmFzZVBhdGg9JmFzc2V0UHJlZml4PSZuZXh0Q29uZmlnT3V0cHV0PSZwcmVmZXJyZWRSZWdpb249Jm1pZGRsZXdhcmVDb25maWc9ZTMwJTNEIQ%3D%3D&nextConfigOutput=&preferredRegion=&middlewareConfig=e30%3D!

./node_modules/.pnpm/@ai-sdk+provider-utils@3.0.18_zod@3.22.4/node_modules/@ai-sdk/provider-utils/dist/index.mjs:1118:1
Module not found: Package path ./v3 is not exported from package /home/blu1606/deadman-switch/node_modules/.pnpm/@ai-sdk+provider-utils@3.0.18_zod@3.22.4/node_modules/zod (see exports field in /home/blu1606/deadman-switch/node_modules/.pnpm/@ai-sdk+provider-utils@3.0.18_zod@3.22.4/node_modules/zod/package.json)

https://nextjs.org/docs/messages/module-not-found

Import trace for requested module:
./node_modules/.pnpm/@ai-sdk+google@2.0.45_zod@3.22.4/node_modules/@ai-sdk/google/dist/index.mjs
./src/lib/ai/embedding.ts
./src/app/api/ai/generate-hint/route.ts
./node_modules/.pnpm/next@14.2.33_@babel+core@7.28.5_@opentelemetry+api@1.9.0_react-dom@18.3.1_react@18.3.1__react@18.3.1/node_modules/next/dist/build/webpack/loaders/next-edge-app-route-loader/index.js?absolutePagePath=private-next-app-dir%2Fapi%2Fai%2Fgenerate-hint%2Froute.ts&page=%2Fapi%2Fai%2Fgenerate-hint%2Froute&appDirLoader=bmV4dC1hcHAtbG9hZGVyP25hbWU9YXBwJTJGYXBpJTJGYWklMkZnZW5lcmF0ZS1oaW50JTJGcm91dGUmcGFnZT0lMkZhcGklMkZhaSUyRmdlbmVyYXRlLWhpbnQlMkZyb3V0ZSZwYWdlUGF0aD1wcml2YXRlLW5leHQtYXBwLWRpciUyRmFwaSUyRmFpJTJGZ2VuZXJhdGUtaGludCUyRnJvdXRlLnRzJmFwcERpcj0lMkZob21lJTJGYmx1MTYwNiUyRmRlYWRtYW4tc3dpdGNoJTJGc3JjJTJGYXBwJmFwcFBhdGhzPSUyRmFwaSUyRmFpJTJGZ2VuZXJhdGUtaGludCUyRnJvdXRlJnBhZ2VFeHRlbnNpb25zPXRzeCZwYWdlRXh0ZW5zaW9ucz10cyZwYWdlRXh0ZW5zaW9ucz1qc3gmcGFnZUV4dGVuc2lvbnM9anMmYmFzZVBhdGg9JmFzc2V0UHJlZml4PSZuZXh0Q29uZmlnT3V0cHV0PSZwcmVmZXJyZWRSZWdpb249Jm1pZGRsZXdhcmVDb25maWc9ZTMwJTNEIQ%3D%3D&nextConfigOutput=&preferredRegion=&middlewareConfig=e30%3D!

./node_modules/.pnpm/ai@5.0.110_zod@3.22.4/node_modules/ai/dist/index.mjs:733:1
Module not found: Package path ./v4 is not exported from package /home/blu1606/deadman-switch/node_modules/.pnpm/ai@5.0.110_zod@3.22.4/node_modules/zod (see exports field in /home/blu1606/deadman-switch/node_modules/.pnpm/ai@5.0.110_zod@3.22.4/node_modules/zod/package.json)

https://nextjs.org/docs/messages/module-not-found

Import trace for requested module:
./src/lib/ai/embedding.ts
./src/app/api/ai/generate-hint/route.ts
./node_modules/.pnpm/next@14.2.33_@babel+core@7.28.5_@opentelemetry+api@1.9.0_react-dom@18.3.1_react@18.3.1__react@18.3.1/node_modules/next/dist/build/webpack/loaders/next-edge-app-route-loader/index.js?absolutePagePath=private-next-app-dir%2Fapi%2Fai%2Fgenerate-hint%2Froute.ts&page=%2Fapi%2Fai%2Fgenerate-hint%2Froute&appDirLoader=bmV4dC1hcHAtbG9hZGVyP25hbWU9YXBwJTJGYXBpJTJGYWklMkZnZW5lcmF0ZS1oaW50JTJGcm91dGUmcGFnZT0lMkZhcGklMkZhaSUyRmdlbmVyYXRlLWhpbnQlMkZyb3V0ZSZwYWdlUGF0aD1wcml2YXRlLW5leHQtYXBwLWRpciUyRmFwaSUyRmFpJTJGZ2VuZXJhdGUtaGludCUyRnJvdXRlLnRzJmFwcERpcj0lMkZob21lJTJGYmx1MTYwNiUyRmRlYWRtYW4tc3dpdGNoJTJGc3JjJTJGYXBwJmFwcFBhdGhzPSUyRmFwaSUyRmFpJTJGZ2VuZXJhdGUtaGludCUyRnJvdXRlJnBhZ2VFeHRlbnNpb25zPXRzeCZwYWdlRXh0ZW5zaW9ucz10cyZwYWdlRXh0ZW5zaW9ucz1qc3gmcGFnZUV4dGVuc2lvbnM9anMmYmFzZVBhdGg9JmFzc2V0UHJlZml4PSZuZXh0Q29uZmlnT3V0cHV0PSZwcmVmZXJyZWRSZWdpb249Jm1pZGRsZXdhcmVDb25maWc9ZTMwJTNEIQ%3D%3D&nextConfigOutput=&preferredRegion=&middlewareConfig=e30%3D!


> Build failed because of webpack errors
